-------------------------------------------------------
 Hartree-Fock iterations 
-------------------------------------------------------

 Cycle:  1
 Total energy:  -7.8302744684
 Change in energy:  3.65630384171
 DIIS error:  0.0917877380726

 Cycle:  2
 Total energy:  -7.86136700306
 Change in energy:  -0.0310925346534
 DIIS error:  0.0105843117955

 Cycle:  3
 Total energy:  -7.86157337443
 Change in energy:  -0.000206371375587
 DIIS error:  0.00245618696215

 Cycle:  4
 Total energy:  -7.86200319715
 Change in energy:  -0.000429822721356
 DIIS error:  0.000667199145052

 Cycle:  5
 Total energy:  -7.86202588107
 Change in energy:  -2.2683916713e-05
 DIIS error:  3.73385924113e-05

 Cycle:  6
 Total energy:  -7.86202531689
 Change in energy:  5.64180917095e-07
 DIIS error:  1.10325204588e-05

-------------------------------------------------------
 End of Hartree-Fock iterations 
-------------------------------------------------------

Final HF energy:  -7.86202531689


 Alpha Orbital Energies 
[-2.3486457  -0.28569932  0.07826145  0.16394015  0.16394015  0.54913579]

 Alpha MOs 
[[  9.91245198e-01  -1.67414086e-01  -2.09986147e-01  -2.46797797e-17  -7.36115417e-17  -9.28378608e-02]
 [  3.26785846e-02   4.54758458e-01   7.99635262e-01   6.74803744e-17   2.80635654e-16   7.04726783e-01]
 [ -6.34805483e-03   3.46237543e-01  -6.12127308e-01   6.27589591e-17  -1.96012051e-16   9.80994374e-01]
 [ -1.46076311e-17  -3.39900554e-17   1.69366467e-17   8.37449672e-01  -5.46514394e-01   1.42395312e-16]
 [ -1.71910726e-17  -3.54880438e-17   1.89410754e-16  -5.46514394e-01  -8.37449672e-01   5.89737303e-17]
 [  4.47102830e-03   5.48778931e-01  -1.39758344e-01   1.21883050e-16  -1.15988666e-16  -1.18737932e+00]]

 Alpha Density Matrix 
[[  1.01059452e+00  -4.37404814e-02  -6.42575205e-02  -8.78933010e-18  -1.10993698e-17  -8.74414377e-02]
 [ -4.37404814e-02   2.07873145e-01   1.57247006e-01  -1.59346219e-17  -1.67002680e-17   2.49707968e-01]
 [ -6.42575205e-02   1.57247006e-01   1.19920734e-01  -1.16759032e-17  -1.21781632e-17   1.89979486e-01]
 [ -8.78933010e-18  -1.59346219e-17  -1.16759032e-17   1.36870675e-33   1.45736142e-33  -1.87183374e-17]
 [ -1.10993698e-17  -1.67002680e-17  -1.21781632e-17   1.45736142e-33   1.55493423e-33  -1.95519526e-17]
 [ -8.74414377e-02   2.49707968e-01   1.89979486e-01  -1.87183374e-17  -1.95519526e-17   3.01178306e-01]]


-------------------------------------------------------
 End of Hartree-Fock calculation 
-------------------------------------------------------

-------------------------------------------------------
 Property calculation - electron scattering intensities 
-------------------------------------------------------

Grid value -> Scattering patterns for each electronic state 

  0.000000 16.000000000000
  0.500000 12.179708649153
  1.000000  6.898709106766
  1.500000  5.057529292074
  2.000000  4.938568066778
  2.500000  4.832816588349
  3.000000  4.594999512440
  3.500000  4.420961740894
  4.000000  4.312261253181
  4.500000  4.229659480949
  5.000000  4.160852331349

-------------------------------------------------------
 End of property calculation 
-------------------------------------------------------

