-------------------------------------------------------
 Hartree-Fock iterations 
-------------------------------------------------------

 Cycle:  1
 Total energy:  -1.11675932391
 Change in energy:  0.674755939362

 Cycle:  2
 Total energy:  -1.11675932391
 Change in energy:  0.0
 DIIS error:  6.68860165862e-17

-------------------------------------------------------
 End of Hartree-Fock iterations 
-------------------------------------------------------

Final HF energy:  -1.11675932391


 Alpha Orbital Energies 
[-0.57855389  0.67114356]

 Alpha MOs 
[[ 0.54884227 -1.21245199]
 [ 0.54884227  1.21245199]]

 Alpha Density Matrix 
[[ 0.30122784  0.30122784]
 [ 0.30122784  0.30122784]]


-------------------------------------------------------
 End of Hartree-Fock calculation 
-------------------------------------------------------

-------------------------------------------------------
 Property calculation - electron scattering intensities 
-------------------------------------------------------

Grid value -> Scattering patterns for each electronic state 

  0.000000  4.000000000000

-------------------------------------------------------
 End of property calculation 
-------------------------------------------------------

